Archive member included because of file (symbol)

C:\Program Files\arm_sdk\lib\gcc\arm-none-eabi\4.8.3\armv6-m\libgcc.a(_divsi3.o)
                              main.o (__aeabi_idiv)
C:\Program Files\arm_sdk\lib\gcc\arm-none-eabi\4.8.3\armv6-m\libgcc.a(_dvmd_tls.o)
                              C:\Program Files\arm_sdk\lib\gcc\arm-none-eabi\4.8.3\armv6-m\libgcc.a(_divsi3.o) (__aeabi_idiv0)

Allocating common symbols
Common symbol       size              file

DisplayMemory       0x10              main.o

Memory Configuration

Name             Origin             Length             Attributes
flash            0x00000000         0x00008000
ram              0x10000000         0x00002000
*default*        0x00000000         0xffffffff

Linker script and memory map

LOAD init.o
LOAD main.o
LOAD C:\Program Files\arm_sdk\lib\gcc\arm-none-eabi\4.8.3\armv6-m\libgcc.a
                0x00000000                . = ORIGIN (flash)

.text           0x00000000      0x660
 *(.vectors)
 .vectors       0x00000000       0xc0 init.o
                0x00000000                Vectors
 *(.text)
 .text          0x000000c0       0xcc init.o
                0x000000c0                clock_init
                0x0000010c                init
                0x00000184                Default_Handler
 .text          0x0000018c      0x410 main.o
                0x0000018c                SysTick
                0x0000022c                initSysTick
                0x00000260                delay
                0x0000027c                DisplayNumber
                0x00000324                ConfigPins
                0x000003f0                ScanKeys
                0x00000500                main
 .text          0x0000059c       0xc0 C:\Program Files\arm_sdk\lib\gcc\arm-none-eabi\4.8.3\armv6-m\libgcc.a(_divsi3.o)
                0x0000059c                __divsi3
                0x0000059c                __aeabi_idiv
                0x00000648                __aeabi_idivmod
 .text          0x0000065c        0x4 C:\Program Files\arm_sdk\lib\gcc\arm-none-eabi\4.8.3\armv6-m\libgcc.a(_dvmd_tls.o)
                0x0000065c                __aeabi_idiv0
                0x0000065c                __aeabi_ldiv0

.glue_7         0x00000660        0x0
 .glue_7        0x00000000        0x0 linker stubs

.glue_7t        0x00000660        0x0
 .glue_7t       0x00000000        0x0 linker stubs

.vfp11_veneer   0x00000660        0x0
 .vfp11_veneer  0x00000000        0x0 linker stubs

.v4_bx          0x00000660        0x0
 .v4_bx         0x00000000        0x0 linker stubs

.iplt           0x00000660        0x0
 .iplt          0x00000000        0x0 init.o

.rel.dyn        0x00000660        0x0
 .rel.iplt      0x00000000        0x0 init.o

.rodata         0x00000660       0x14
 .rodata        0x00000660       0x14 main.o
                0x00000660                digits
                0x10000000                . = ORIGIN (ram)

.data           0x10000000        0x4 load address 0x00000674
                0x00000674                INIT_DATA_VALUES = LOADADDR (.data)
                0x10000000                INIT_DATA_START = .
 *(.data)
 .data          0x10000000        0x0 init.o
 .data          0x10000000        0x4 main.o
 .data          0x10000004        0x0 C:\Program Files\arm_sdk\lib\gcc\arm-none-eabi\4.8.3\armv6-m\libgcc.a(_divsi3.o)
 .data          0x10000004        0x0 C:\Program Files\arm_sdk\lib\gcc\arm-none-eabi\4.8.3\armv6-m\libgcc.a(_dvmd_tls.o)
                0x10000004                INIT_DATA_END = .
                0x10000004                BSS_START = .

.igot.plt       0x10000004        0x0 load address 0x00000678
 .igot.plt      0x00000000        0x0 init.o

.bss            0x10000004       0x10 load address 0x00000678
 *(.bss)
 .bss           0x10000004        0x0 init.o
 .bss           0x10000004        0x0 main.o
 .bss           0x10000004        0x0 C:\Program Files\arm_sdk\lib\gcc\arm-none-eabi\4.8.3\armv6-m\libgcc.a(_divsi3.o)
 .bss           0x10000004        0x0 C:\Program Files\arm_sdk\lib\gcc\arm-none-eabi\4.8.3\armv6-m\libgcc.a(_dvmd_tls.o)
 COMMON         0x10000004       0x10 main.o
                0x10000004                DisplayMemory
                0x10000014                BSS_END = .
OUTPUT(main.elf elf32-littlearm)

.debug_info     0x00000000      0x279
 .debug_info    0x00000000      0x116 init.o
 .debug_info    0x00000116      0x163 main.o

.debug_abbrev   0x00000000      0x20c
 .debug_abbrev  0x00000000       0xe8 init.o
 .debug_abbrev  0x000000e8      0x124 main.o

.debug_aranges  0x00000000       0x40
 .debug_aranges
                0x00000000       0x20 init.o
 .debug_aranges
                0x00000020       0x20 main.o

.debug_line     0x00000000      0x109
 .debug_line    0x00000000       0x5b init.o
 .debug_line    0x0000005b       0xae main.o

.debug_str      0x00000000      0x198
 .debug_str     0x00000000      0x12b init.o
                                0x130 (size before relaxing)
 .debug_str     0x0000012b       0x6d main.o
                                0x121 (size before relaxing)

.comment        0x00000000       0x70
 .comment       0x00000000       0x70 init.o
                                 0x71 (size before relaxing)
 .comment       0x00000000       0x71 main.o

.ARM.attributes
                0x00000000       0x31
 .ARM.attributes
                0x00000000       0x31 init.o
 .ARM.attributes
                0x00000031       0x31 main.o
 .ARM.attributes
                0x00000062       0x1e C:\Program Files\arm_sdk\lib\gcc\arm-none-eabi\4.8.3\armv6-m\libgcc.a(_divsi3.o)
 .ARM.attributes
                0x00000080       0x1e C:\Program Files\arm_sdk\lib\gcc\arm-none-eabi\4.8.3\armv6-m\libgcc.a(_dvmd_tls.o)

.debug_frame    0x00000000      0x168
 .debug_frame   0x00000000       0x68 init.o
 .debug_frame   0x00000068       0xe0 main.o
 .debug_frame   0x00000148       0x20 C:\Program Files\arm_sdk\lib\gcc\arm-none-eabi\4.8.3\armv6-m\libgcc.a(_divsi3.o)

Cross Reference Table

Symbol                                            File
BSS_END                                           init.o
BSS_START                                         init.o
ConfigPins                                        main.o
Default_Handler                                   init.o
DisplayMemory                                     main.o
DisplayNumber                                     main.o
INIT_DATA_END                                     init.o
INIT_DATA_START                                   init.o
INIT_DATA_VALUES                                  init.o
ScanKeys                                          main.o
SysTick                                           main.o
                                                  init.o
Vectors                                           init.o
__aeabi_idiv                                      C:\Program Files\arm_sdk\lib\gcc\arm-none-eabi\4.8.3\armv6-m\libgcc.a(_divsi3.o)
                                                  main.o
__aeabi_idiv0                                     C:\Program Files\arm_sdk\lib\gcc\arm-none-eabi\4.8.3\armv6-m\libgcc.a(_dvmd_tls.o)
                                                  C:\Program Files\arm_sdk\lib\gcc\arm-none-eabi\4.8.3\armv6-m\libgcc.a(_divsi3.o)
__aeabi_idivmod                                   C:\Program Files\arm_sdk\lib\gcc\arm-none-eabi\4.8.3\armv6-m\libgcc.a(_divsi3.o)
                                                  main.o
__aeabi_ldiv0                                     C:\Program Files\arm_sdk\lib\gcc\arm-none-eabi\4.8.3\armv6-m\libgcc.a(_dvmd_tls.o)
__divsi3                                          C:\Program Files\arm_sdk\lib\gcc\arm-none-eabi\4.8.3\armv6-m\libgcc.a(_divsi3.o)
clock_init                                        init.o
delay                                             main.o
digits                                            main.o
init                                              init.o
initSysTick                                       main.o
main                                              main.o
                                                  init.o
